c:\лабы\бурмакова\математическое программирование\mp-4sem\4\lab4\lab4_2\x64\debug\vc143.pdb
c:\лабы\бурмакова\математическое программирование\mp-4sem\4\lab4\lab4_2\x64\debug\vc143.idb
c:\лабы\бурмакова\математическое программирование\mp-4sem\4\lab4\lab4_2\x64\debug\main.obj
c:\лабы\бурмакова\математическое программирование\mp-4sem\4\lab4\lab4_2\x64\debug\levenshtein.obj
c:\лабы\бурмакова\математическое программирование\mp-4sem\4\lab4\lab4_2\x64\debug\lab4_2.ilk
c:\лабы\бурмакова\математическое программирование\mp-4sem\4\lab4\x64\debug\lab4_2.pdb
c:\лабы\бурмакова\математическое программирование\mp-4sem\4\lab4\lab4_2\x64\debug\lab4_2.tlog\cl.command.1.tlog
c:\лабы\бурмакова\математическое программирование\mp-4sem\4\lab4\lab4_2\x64\debug\lab4_2.tlog\cl.items.tlog
c:\лабы\бурмакова\математическое программирование\mp-4sem\4\lab4\lab4_2\x64\debug\lab4_2.tlog\cl.read.1.tlog
c:\лабы\бурмакова\математическое программирование\mp-4sem\4\lab4\lab4_2\x64\debug\lab4_2.tlog\cl.write.1.tlog
c:\лабы\бурмакова\математическое программирование\mp-4sem\4\lab4\lab4_2\x64\debug\lab4_2.tlog\link.12996-cvtres.read.1.tlog
c:\лабы\бурмакова\математическое программирование\mp-4sem\4\lab4\lab4_2\x64\debug\lab4_2.tlog\link.12996-cvtres.write.1.tlog
c:\лабы\бурмакова\математическое программирование\mp-4sem\4\lab4\lab4_2\x64\debug\lab4_2.tlog\link.12996-rc.read.1.tlog
c:\лабы\бурмакова\математическое программирование\mp-4sem\4\lab4\lab4_2\x64\debug\lab4_2.tlog\link.12996-rc.write.1.tlog
c:\лабы\бурмакова\математическое программирование\mp-4sem\4\lab4\lab4_2\x64\debug\lab4_2.tlog\link.12996.read.1.tlog
c:\лабы\бурмакова\математическое программирование\mp-4sem\4\lab4\lab4_2\x64\debug\lab4_2.tlog\link.12996.read.2.tlog
c:\лабы\бурмакова\математическое программирование\mp-4sem\4\lab4\lab4_2\x64\debug\lab4_2.tlog\link.12996.read.3.tlog
c:\лабы\бурмакова\математическое программирование\mp-4sem\4\lab4\lab4_2\x64\debug\lab4_2.tlog\link.12996.read.4.tlog
c:\лабы\бурмакова\математическое программирование\mp-4sem\4\lab4\lab4_2\x64\debug\lab4_2.tlog\link.12996.write.1.tlog
c:\лабы\бурмакова\математическое программирование\mp-4sem\4\lab4\lab4_2\x64\debug\lab4_2.tlog\link.command.1.tlog
c:\лабы\бурмакова\математическое программирование\mp-4sem\4\lab4\lab4_2\x64\debug\lab4_2.tlog\link.read.1.tlog
c:\лабы\бурмакова\математическое программирование\mp-4sem\4\lab4\lab4_2\x64\debug\lab4_2.tlog\link.secondary.1.tlog
c:\лабы\бурмакова\математическое программирование\mp-4sem\4\lab4\lab4_2\x64\debug\lab4_2.tlog\link.write.1.tlog
