Сборка начата 19.03.2025 23:18:44.
Уровень детализации журнала: Normal.     1>Проект "C:\лабы\Бурмакова\Математическое программирование\MP-4sem\4\lab4\lab4_2\lab4_2.vcxproj" в узле 2 (целевые объекты Build).
     1>PrepareForBuild:
         Структурированный вывод включен. Форматирование диагностики компилятора будет отражать иерархию ошибок. Подробнее см. https://aka.ms/cpp/structured-output.
         Создание каталога "C:\лабы\Бурмакова\Математическое программирование\MP-4sem\4\lab4\Debug\".
         Создание каталога "Debug\lab4_2.tlog\".
       InitializeBuildStatus:
         Создание "Debug\lab4_2.tlog\unsuccessfulbuild", так как было задано "AlwaysCreate".
         Обращение к "Debug\lab4_2.tlog\unsuccessfulbuild".
       ClCompile:
         C:\Program Files\Microsoft Visual Studio\2022\Community\VC\Tools\MSVC\14.41.34120\bin\HostX86\x86\CL.exe /c /ZI /JMC /nologo /W3 /WX- /diagnostics:column /sdl /Od /Oy- /D WIN32 /D _DEBUG /D _CONSOLE /D _UNICODE /D UNICODE /Gm- /EHsc /RTC1 /MDd /GS /fp:precise /Zc:wchar_t /Zc:forScope /Zc:inline /permissive- /Fo"Debug\\" /Fd"Debug\vc143.pdb" /external:W3 /Gd /TP /analyze- /FC /errorReport:prompt Levenshtein.cpp main.cpp
         Levenshtein.cpp
         main.cpp
         Создание кода...
       Link:
         C:\Program Files\Microsoft Visual Studio\2022\Community\VC\Tools\MSVC\14.41.34120\bin\HostX86\x86\link.exe /ERRORREPORT:PROMPT /OUT:"C:\лабы\Бурмакова\Математическое программирование\MP-4sem\4\lab4\Debug\lab4_2.exe" /INCREMENTAL /ILK:"Debug\lab4_2.ilk" /NOLOGO kernel32.lib user32.lib gdi32.lib winspool.lib comdlg32.lib advapi32.lib shell32.lib ole32.lib oleaut32.lib uuid.lib odbc32.lib odbccp32.lib /MANIFEST /MANIFESTUAC:"level='asInvoker' uiAccess='false'" /manifest:embed /DEBUG /PDB:"C:\лабы\Бурмакова\Математическое программирование\MP-4sem\4\lab4\Debug\lab4_2.pdb" /SUBSYSTEM:CONSOLE /TLBID:1 /DYNAMICBASE /NXCOMPAT /IMPLIB:"C:\лабы\Бурмакова\Математическое программирование\MP-4sem\4\lab4\Debug\lab4_2.lib" /MACHINE:X86 Debug\Levenshtein.obj
         Debug\main.obj
     1>main.obj : error LNK2005: "int __cdecl min3(int,int,int)" (?min3@@YAHHHH@Z) уже определен в Levenshtein.obj
     1>C:\лабы\Бурмакова\Математическое программирование\MP-4sem\4\lab4\Debug\lab4_2.exe : fatal error LNK1169: обнаружен многократно определенный символ - один или более
     1>Сборка проекта "C:\лабы\Бурмакова\Математическое программирование\MP-4sem\4\lab4\lab4_2\lab4_2.vcxproj" завершена (целевые объекты Build) с ошибкой.

Ошибка сборки.

       "C:\лабы\Бурмакова\Математическое программирование\MP-4sem\4\lab4\lab4_2\lab4_2.vcxproj" (целевой объект Build ) (1) ->
       (Целевой объект Link) -> 
         main.obj : error LNK2005: "int __cdecl min3(int,int,int)" (?min3@@YAHHHH@Z) уже определен в Levenshtein.obj
         C:\лабы\Бурмакова\Математическое программирование\MP-4sem\4\lab4\Debug\lab4_2.exe : fatal error LNK1169: обнаружен многократно определенный символ - один или более

    Предупреждений: 0
    Ошибок: 2

Прошло времени 00:00:01.77
